{"level":"INFO","message":"[3:41:55.883 PM]: Creating new connection object"}
{"level":"INFO","message":"[3:41:55.890 PM]: Creating Connection[id: 88c6ba4f-45a0-4811-98fc-f753ad3e50a6] with host: khb56279.us-east-1.snowflakecomputing.com, account: khb56279, accessUrl: https://khb56279.us-east-1.snowflakecomputing.com, user: SCORPDESCOBRANCA@GRUPOEQUATORIALENERGIA.ONMICROSOFT.COM, role: GRP_SWF_COBRANÇA, database: SB_COBRANCA, schema: EQTL_CORP, warehouse: WH_FECH_CONTABIL, proxy was not configured, password is not provided, region: us-east-1, authenticator: SNOWFLAKE_JWT, ocsp mode: FAIL_OPEN, os: win32, os version:"}
{"level":"INFO","message":"[3:41:55.891 PM]: Connection[id: 88c6ba4f-45a0-4811-98fc-f753ad3e50a6] additional details: passcode in password is provided, passcode is not provided, private key is provided, application: undefined, client name: snowflake-sdk, client version: 3.1.0, retry timeout: 300, private key path: undefined, private key pass is not provided, client store temporary credential: false, browser response timeout: 120000"}
{"level":"INFO","message":"[3:41:55.891 PM]: Connection[id: 88c6ba4f-45a0-4811-98fc-f753ad3e50a6] - connection object created successfully."}
{"level":"INFO","message":"[3:41:55.892 PM]: Connection[id: 88c6ba4f-45a0-4811-98fc-f753ad3e50a6] - async connecting. Associated Snowflake domain: GLOBAL"}
{"level":"INFO","message":"[3:41:55.892 PM]: Trying to initialize Easy Logging"}
{"level":"INFO","message":"[3:41:55.918 PM]: Creating new connection object"}
{"level":"INFO","message":"[3:41:55.919 PM]: Creating Connection[id: 3a7682fe-d5e6-4b55-8355-cfc1db5114c8] with host: khb56279.us-east-1.snowflakecomputing.com, account: khb56279, accessUrl: https://khb56279.us-east-1.snowflakecomputing.com, user: SCORPDESCOBRANCA@GRUPOEQUATORIALENERGIA.ONMICROSOFT.COM, role: GRP_SWF_COBRANÇA, database: SB_COBRANCA, schema: EQTL_CORP, warehouse: WH_FECH_CONTABIL, proxy was not configured, password is not provided, region: us-east-1, authenticator: SNOWFLAKE_JWT, ocsp mode: FAIL_OPEN, os: win32, os version:"}
{"level":"INFO","message":"[3:41:55.919 PM]: Connection[id: 3a7682fe-d5e6-4b55-8355-cfc1db5114c8] additional details: passcode in password is provided, passcode is not provided, private key is provided, application: undefined, client name: snowflake-sdk, client version: 3.1.0, retry timeout: 300, private key path: undefined, private key pass is not provided, client store temporary credential: false, browser response timeout: 120000"}
{"level":"INFO","message":"[3:41:55.919 PM]: Connection[id: 3a7682fe-d5e6-4b55-8355-cfc1db5114c8] - connection object created successfully."}
{"level":"INFO","message":"[3:41:55.919 PM]: Connection[id: 3a7682fe-d5e6-4b55-8355-cfc1db5114c8] - async connecting. Associated Snowflake domain: GLOBAL"}
{"level":"INFO","message":"[3:41:55.919 PM]: Trying to initialize Easy Logging"}
{"level":"INFO","message":"[3:41:55.933 PM]: No client config detected."}
{"level":"INFO","message":"[3:41:55.933 PM]: No config file path found. Client config will not be used."}
{"level":"INFO","message":"[3:41:55.933 PM]: Easy Logging is disabled as no config has been found"}
{"level":"INFO","message":"[3:41:55.941 PM]: Connection[id: 88c6ba4f-45a0-4811-98fc-f753ad3e50a6] - authentication successful using: SNOWFLAKE_JWT"}
{"level":"INFO","message":"[3:41:55.943 PM]: No client config detected."}
{"level":"INFO","message":"[3:41:55.943 PM]: No config file path found. Client config will not be used."}
{"level":"INFO","message":"[3:41:55.943 PM]: Easy Logging is disabled as no config has been found"}
{"level":"INFO","message":"[3:41:55.945 PM]: Connection[id: 3a7682fe-d5e6-4b55-8355-cfc1db5114c8] - authentication successful using: SNOWFLAKE_JWT"}
{"level":"INFO","message":"[3:42:00.403 PM]: Connection[id: 3a7682fe-d5e6-4b55-8355-cfc1db5114c8] - connection established successfully after 4483.56 milliseconds"}
{"level":"INFO","message":"[3:42:00.570 PM]: Connection[id: 88c6ba4f-45a0-4811-98fc-f753ad3e50a6] - connection established successfully after 4678.55 milliseconds"}
{"level":"INFO","message":"[10:24:07.497 PM]: Creating new connection object"}
{"level":"INFO","message":"[10:24:07.503 PM]: Creating Connection[id: 8cc20c3b-198a-4d0d-8583-f89bad9a70be] with host: khb56279.us-east-1.snowflakecomputing.com, account: khb56279, accessUrl: https://khb56279.us-east-1.snowflakecomputing.com, user: SCORPDESCOBRANCA@GRUPOEQUATORIALENERGIA.ONMICROSOFT.COM, role: GRP_SWF_COBRANÇA, database: SB_COBRANCA, schema: EQTL_CORP, warehouse: WH_FECH_CONTABIL, proxy was not configured, password is not provided, region: us-east-1, authenticator: SNOWFLAKE_JWT, ocsp mode: FAIL_OPEN, os: win32, os version:"}
{"level":"INFO","message":"[10:24:07.504 PM]: Connection[id: 8cc20c3b-198a-4d0d-8583-f89bad9a70be] additional details: passcode in password is provided, passcode is not provided, private key is provided, application: undefined, client name: snowflake-sdk, client version: 3.1.0, retry timeout: 300, private key path: undefined, private key pass is not provided, client store temporary credential: false, browser response timeout: 120000"}
{"level":"INFO","message":"[10:24:07.505 PM]: Connection[id: 8cc20c3b-198a-4d0d-8583-f89bad9a70be] - connection object created successfully."}
{"level":"INFO","message":"[10:24:07.505 PM]: Connection[id: 8cc20c3b-198a-4d0d-8583-f89bad9a70be] - async connecting. Associated Snowflake domain: GLOBAL"}
{"level":"INFO","message":"[10:24:07.506 PM]: Trying to initialize Easy Logging"}
{"level":"INFO","message":"[10:24:07.524 PM]: Creating new connection object"}
{"level":"INFO","message":"[10:24:07.524 PM]: Creating Connection[id: 4fc2108d-8a29-4feb-84e5-7ed1bb7b79a0] with host: khb56279.us-east-1.snowflakecomputing.com, account: khb56279, accessUrl: https://khb56279.us-east-1.snowflakecomputing.com, user: SCORPDESCOBRANCA@GRUPOEQUATORIALENERGIA.ONMICROSOFT.COM, role: GRP_SWF_COBRANÇA, database: SB_COBRANCA, schema: EQTL_CORP, warehouse: WH_FECH_CONTABIL, proxy was not configured, password is not provided, region: us-east-1, authenticator: SNOWFLAKE_JWT, ocsp mode: FAIL_OPEN, os: win32, os version:"}
{"level":"INFO","message":"[10:24:07.525 PM]: Connection[id: 4fc2108d-8a29-4feb-84e5-7ed1bb7b79a0] additional details: passcode in password is provided, passcode is not provided, private key is provided, application: undefined, client name: snowflake-sdk, client version: 3.1.0, retry timeout: 300, private key path: undefined, private key pass is not provided, client store temporary credential: false, browser response timeout: 120000"}
{"level":"INFO","message":"[10:24:07.525 PM]: Connection[id: 4fc2108d-8a29-4feb-84e5-7ed1bb7b79a0] - connection object created successfully."}
{"level":"INFO","message":"[10:24:07.525 PM]: Connection[id: 4fc2108d-8a29-4feb-84e5-7ed1bb7b79a0] - async connecting. Associated Snowflake domain: GLOBAL"}
{"level":"INFO","message":"[10:24:07.525 PM]: Trying to initialize Easy Logging"}
{"level":"INFO","message":"[10:24:07.537 PM]: No client config detected."}
{"level":"INFO","message":"[10:24:07.537 PM]: No config file path found. Client config will not be used."}
{"level":"INFO","message":"[10:24:07.538 PM]: Easy Logging is disabled as no config has been found"}
{"level":"INFO","message":"[10:24:07.560 PM]: Connection[id: 8cc20c3b-198a-4d0d-8583-f89bad9a70be] - authentication successful using: SNOWFLAKE_JWT"}
{"level":"INFO","message":"[10:24:07.561 PM]: No client config detected."}
{"level":"INFO","message":"[10:24:07.561 PM]: No config file path found. Client config will not be used."}
{"level":"INFO","message":"[10:24:07.561 PM]: Easy Logging is disabled as no config has been found"}
{"level":"INFO","message":"[10:24:07.565 PM]: Connection[id: 4fc2108d-8a29-4feb-84e5-7ed1bb7b79a0] - authentication successful using: SNOWFLAKE_JWT"}
{"level":"INFO","message":"[10:24:11.422 PM]: Connection[id: 4fc2108d-8a29-4feb-84e5-7ed1bb7b79a0] - connection established successfully after 3896.44 milliseconds"}
{"level":"INFO","message":"[10:24:11.431 PM]: Connection[id: 8cc20c3b-198a-4d0d-8583-f89bad9a70be] - connection established successfully after 3925.91 milliseconds"}
